src/executor/providers/MinimaxVideoProvider.ts(8,14): error TS2420: Class 'MinimaxVideoProvider' incorrectly implements interface 'VideoProvider'.
  Property 'providerName' is missing in type 'MinimaxVideoProvider' but required in type 'VideoProvider'.
src/executor/VideoModelDispatcher.ts(26,39): error TS2345: Argument of type 'MinimaxVideoProvider' is not assignable to parameter of type 'VideoProvider'.
  Property 'providerName' is missing in type 'MinimaxVideoProvider' but required in type 'VideoProvider'.
